
> typing-master@0.0.0 build
> vite build

[36mvite v8.0.0 [32mbuilding client environment for production...[36m[39m
[2K
transforming...Γ£ô 3272 modules transformed.
node.exe : [31mΓ£ù[39m Build failed 
in 1.32s
At line:1 char:1
+ & "C:\Program Files\nodejs/node.exe" 
"C:\Program Files\nodejs/node_mo ...
+ ~~~~~~~~~~~~~~~~~~~~~~~~~~~~~~~~~~~~~~
~~~~~~~~~~~~~~~~~~~~~~~~~~~~~~~
    + CategoryInfo          : NotSpecif 
   ied: ([31mΓ£ù[39m Build failed in  
   1.32s:String) [], RemoteException
    + FullyQualifiedErrorId : NativeCom 
   mandError
 
[31merror during build:
[31mBuild failed with 11 errors:

[31m[UNRESOLVED_IMPORT] Error:[0m 
Could not resolve 
'../../utils/generateText' in 
src/games/FallingWords2.jsx
   [38;5;246mΓò¡[0m[38;5;246mΓöÇ[0m
[38;5;246m[[0m 
src/games/FallingWords2.jsx:2:43 
[38;5;246m][0m
   [38;5;246mΓöé[0m
 [38;5;246m2 Γöé[0m [38;5;249mi[0m[
38;5;249mm[0m[38;5;249mp[0m[38;5;249
mo[0m[38;5;249mr[0m[38;5;249mt[0m[
38;5;249m 
[0m[38;5;249m{[0m[38;5;249m [0m[38
;5;249mg[0m[38;5;249me[0m[38;5;249mn
[0m[38;5;249me[0m[38;5;249mr[0m[38
;5;249ma[0m[38;5;249mt[0m[38;5;249me
[0m[38;5;249mW[0m[38;5;249mo[0m[38
;5;249mr[0m[38;5;249md[0m[38;5;249ms
[0m[38;5;249mB[0m[38;5;249my[0m[38
;5;249mD[0m[38;5;249mi[0m[38;5;249mf
[0m[38;5;249mf[0m[38;5;249mi[0m[38
;5;249mc[0m[38;5;249mu[0m[38;5;249ml
[0m[38;5;249mt[0m[38;5;249my[0m[38
;5;249m [0m[38;5;249m}[0m[38;5;249m 
[0m[38;5;249mf[0m[38;5;249mr[0m[38
;5;249mo[0m[38;5;249mm[0m[38;5;249m 
[0m"../../utils/generateText"[38;5;249
m;[0m
 [38;5;240m  Γöé[0m                   
                        ΓöÇΓöÇΓöÇΓöÇΓöÇΓ
öÇΓöÇΓöÇΓöÇΓöÇΓöÇΓöÇΓöÇΓö¼ΓöÇΓöÇΓöÇΓöÇΓö
ÇΓöÇΓöÇΓöÇΓöÇΓöÇΓöÇΓöÇ  
 [38;5;240m  Γöé[0m                   
                                     Γò░
ΓöÇΓöÇΓöÇΓöÇΓöÇΓöÇΓöÇΓöÇΓöÇΓöÇΓöÇΓöÇΓöÇΓ
öÇ Module not found.
 [38;5;240m  Γöé[0m 
 [38;5;240m  Γöé[0m 
[38;5;115mHelp[0m: 
'src/games/FallingWords2.jsx' is 
imported by the following path:
 [38;5;240m  Γöé[0m         - 
src/games/FallingWords2.jsx
 [38;5;240m  Γöé[0m         - 
src/pages/Games.jsx
 [38;5;240m  Γöé[0m         - 
src/App.jsx
 [38;5;240m  Γöé[0m         - 
src/main.jsx
 [38;5;240m  Γöé[0m         - 
index.html
[38;5;246mΓöÇΓöÇΓöÇΓò»[0m

[31m[UNRESOLVED_IMPORT] Error:[0m 
Could not resolve 
'../../utils/generateText' in 
src/games/SpeedRush.jsx
   [38;5;246mΓò¡[0m[38;5;246mΓöÇ[0m
[38;5;246m[[0m 
src/games/SpeedRush.jsx:2:43 
[38;5;246m][0m
   [38;5;246mΓöé[0m
 [38;5;246m2 Γöé[0m [38;5;249mi[0m[
38;5;249mm[0m[38;5;249mp[0m[38;5;249
mo[0m[38;5;249mr[0m[38;5;249mt[0m[
38;5;249m 
[0m[38;5;249m{[0m[38;5;249m [0m[38
;5;249mg[0m[38;5;249me[0m[38;5;249mn
[0m[38;5;249me[0m[38;5;249mr[0m[38
;5;249ma[0m[38;5;249mt[0m[38;5;249me
[0m[38;5;249mW[0m[38;5;249mo[0m[38
;5;249mr[0m[38;5;249md[0m[38;5;249ms
[0m[38;5;249mB[0m[38;5;249my[0m[38
;5;249mD[0m[38;5;249mi[0m[38;5;249mf
[0m[38;5;249mf[0m[38;5;249mi[0m[38
;5;249mc[0m[38;5;249mu[0m[38;5;249ml
[0m[38;5;249mt[0m[38;5;249my[0m[38
;5;249m [0m[38;5;249m}[0m[38;5;249m 
[0m[38;5;249mf[0m[38;5;249mr[0m[38
;5;249mo[0m[38;5;249mm[0m[38;5;249m 
[0m"../../utils/generateText"[38;5;249
m;[0m
 [38;5;240m  Γöé[0m                   
                        ΓöÇΓöÇΓöÇΓöÇΓöÇΓ
öÇΓöÇΓöÇΓöÇΓöÇΓöÇΓöÇΓöÇΓö¼ΓöÇΓöÇΓöÇΓöÇΓö
ÇΓöÇΓöÇΓöÇΓöÇΓöÇΓöÇΓöÇ  
 [38;5;240m  Γöé[0m                   
                                     Γò░
ΓöÇΓöÇΓöÇΓöÇΓöÇΓöÇΓöÇΓöÇΓöÇΓöÇΓöÇΓöÇΓöÇΓ
öÇ Module not found.
 [38;5;240m  Γöé[0m 
 [38;5;240m  Γöé[0m 
[38;5;115mHelp[0m: 
'src/games/SpeedRush.jsx' is imported 
by the following path:
 [38;5;240m  Γöé[0m         - 
src/games/SpeedRush.jsx
 [38;5;240m  Γöé[0m         - 
src/pages/Games.jsx
 [38;5;240m  Γöé[0m         - 
src/App.jsx
 [38;5;240m  Γöé[0m         - 
src/main.jsx
 [38;5;240m  Γöé[0m         - 
index.html
[38;5;246mΓöÇΓöÇΓöÇΓò»[0m

[31m[UNRESOLVED_IMPORT] Error:[0m 
Could not resolve 
'../../utils/generateText' in 
src/games/GalaxyDrift.jsx
   [38;5;246mΓò¡[0m[38;5;246mΓöÇ[0m
[38;5;246m[[0m 
src/games/GalaxyDrift.jsx:2:43 
[38;5;246m][0m
   [38;5;246mΓöé[0m
 [38;5;246m2 Γöé[0m [38;5;249mi[0m[
38;5;249mm[0m[38;5;249mp[0m[38;5;249
mo[0m[38;5;249mr[0m[38;5;249mt[0m[
38;5;249m 
[0m[38;5;249m{[0m[38;5;249m [0m[38
;5;249mg[0m[38;5;249me[0m[38;5;249mn
[0m[38;5;249me[0m[38;5;249mr[0m[38
;5;249ma[0m[38;5;249mt[0m[38;5;249me
[0m[38;5;249mW[0m[38;5;249mo[0m[38
;5;249mr[0m[38;5;249md[0m[38;5;249ms
[0m[38;5;249mB[0m[38;5;249my[0m[38
;5;249mD[0m[38;5;249mi[0m[38;5;249mf
[0m[38;5;249mf[0m[38;5;249mi[0m[38
;5;249mc[0m[38;5;249mu[0m[38;5;249ml
[0m[38;5;249mt[0m[38;5;249my[0m[38
;5;249m [0m[38;5;249m}[0m[38;5;249m 
[0m[38;5;249mf[0m[38;5;249mr[0m[38
;5;249mo[0m[38;5;249mm[0m[38;5;249m 
[0m"../../utils/generateText"[38;5;249
m;[0m
 [38;5;240m  Γöé[0m                   
                        ΓöÇΓöÇΓöÇΓöÇΓöÇΓ
öÇΓöÇΓöÇΓöÇΓöÇΓöÇΓöÇΓöÇΓö¼ΓöÇΓöÇΓöÇΓöÇΓö
ÇΓöÇΓöÇΓöÇΓöÇΓöÇΓöÇΓöÇ  
 [38;5;240m  Γöé[0m                   
                                     Γò░
ΓöÇΓöÇΓöÇΓöÇΓöÇΓöÇΓöÇΓöÇΓöÇΓöÇΓöÇΓöÇΓöÇΓ
öÇ Module not found.
 [38;5;240m  Γöé[0m 
 [38;5;240m  Γöé[0m 
[38;5;115mHelp[0m: 
'src/games/GalaxyDrift.jsx' is imported 
by the following path:
 [38;5;240m  Γöé[0m         - 
src/games/GalaxyDrift.jsx
 [38;5;240m  Γöé[0m         - 
src/pages/Games.jsx
 [38;5;240m  Γöé[0m         - 
src/App.jsx
 [38;5;240m  Γöé[0m         - 
src/main.jsx
 [38;5;240m  Γöé[0m         - 
index.html
[38;5;246mΓöÇΓöÇΓöÇΓò»[0m

[31m[UNRESOLVED_IMPORT] Error:[0m 
Could not resolve 
'../../utils/generateText' in 
src/games/ChaosMode.jsx
   [38;5;246mΓò¡[0m[38;5;246mΓöÇ[0m
[38;5;246m[[0m 
src/games/ChaosMode.jsx:2:43 
[38;5;246m][0m
   [38;5;246mΓöé[0m
 [38;5;246m2 Γöé[0m [38;5;249mi[0m[
38;5;249mm[0m[38;5;249mp[0m[38;5;249
mo[0m[38;5;249mr[0m[38;5;249mt[0m[
38;5;249m 
[0m[38;5;249m{[0m[38;5;249m [0m[38
;5;249mg[0m[38;5;249me[0m[38;5;249mn
[0m[38;5;249me[0m[38;5;249mr[0m[38
;5;249ma[0m[38;5;249mt[0m[38;5;249me
[0m[38;5;249mW[0m[38;5;249mo[0m[38
;5;249mr[0m[38;5;249md[0m[38;5;249ms
[0m[38;5;249mB[0m[38;5;249my[0m[38
;5;249mD[0m[38;5;249mi[0m[38;5;249mf
[0m[38;5;249mf[0m[38;5;249mi[0m[38
;5;249mc[0m[38;5;249mu[0m[38;5;249ml
[0m[38;5;249mt[0m[38;5;249my[0m[38
;5;249m [0m[38;5;249m}[0m[38;5;249m 
[0m[38;5;249mf[0m[38;5;249mr[0m[38
;5;249mo[0m[38;5;249mm[0m[38;5;249m 
[0m"../../utils/generateText"[38;5;249
m;[0m
 [38;5;240m  Γöé[0m                   
                        ΓöÇΓöÇΓöÇΓöÇΓöÇΓ
öÇΓöÇΓöÇΓöÇΓöÇΓöÇΓöÇΓöÇΓö¼ΓöÇΓöÇΓöÇΓöÇΓö
ÇΓöÇΓöÇΓöÇΓöÇΓöÇΓöÇΓöÇ  
 [38;5;240m  Γöé[0m                   
                                     Γò░
ΓöÇΓöÇΓöÇΓöÇΓöÇΓöÇΓöÇΓöÇΓöÇΓöÇΓöÇΓöÇΓöÇΓ
öÇ Module not found.
 [38;5;240m  Γöé[0m 
 [38;5;240m  Γöé[0m 
[38;5;115mHelp[0m: 
'src/games/ChaosMode.jsx' is imported 
by the following path:
 [38;5;240m  Γöé[0m         - 
src/games/ChaosMode.jsx
 [38;5;240m  Γöé[0m         - 
src/pages/Games.jsx
 [38;5;240m  Γöé[0m         - 
src/App.jsx
 [38;5;240m  Γöé[0m         - 
src/main.jsx
 [38;5;240m  Γöé[0m         - 
index.html
[38;5;246mΓöÇΓöÇΓöÇΓò»[0m

[31m[UNRESOLVED_IMPORT] Error:[0m 
Could not resolve 
'../../utils/generateText' in 
src/games/ZombieSurvival.jsx
   [38;5;246mΓò¡[0m[38;5;246mΓöÇ[0m
[38;5;246m[[0m 
src/games/ZombieSurvival.jsx:2:43 
[38;5;246m][0m
   [38;5;246mΓöé[0m
 [38;5;246m2 Γöé[0m [38;5;249mi[0m[
38;5;249mm[0m[38;5;249mp[0m[38;5;249
mo[0m[38;5;249mr[0m[38;5;249mt[0m[
38;5;249m 
[0m[38;5;249m{[0m[38;5;249m [0m[38
;5;249mg[0m[38;5;249me[0m[38;5;249mn
[0m[38;5;249me[0m[38;5;249mr[0m[38
;5;249ma[0m[38;5;249mt[0m[38;5;249me
[0m[38;5;249mW[0m[38;5;249mo[0m[38
;5;249mr[0m[38;5;249md[0m[38;5;249ms
[0m[38;5;249mB[0m[38;5;249my[0m[38
;5;249mD[0m[38;5;249mi[0m[38;5;249mf
[0m[38;5;249mf[0m[38;5;249mi[0m[38
;5;249mc[0m[38;5;249mu[0m[38;5;249ml
[0m[38;5;249mt[0m[38;5;249my[0m[38
;5;249m [0m[38;5;249m}[0m[38;5;249m 
[0m[38;5;249mf[0m[38;5;249mr[0m[38
;5;249mo[0m[38;5;249mm[0m[38;5;249m 
[0m"../../utils/generateText"[38;5;249
m;[0m
 [38;5;240m  Γöé[0m                   
                        ΓöÇΓöÇΓöÇΓöÇΓöÇΓ
öÇΓöÇΓöÇΓöÇΓöÇΓöÇΓöÇΓöÇΓö¼ΓöÇΓöÇΓöÇΓöÇΓö
ÇΓöÇΓöÇΓöÇΓöÇΓöÇΓöÇΓöÇ  
 [38;5;240m  Γöé[0m                   
                                     Γò░
ΓöÇΓöÇΓöÇΓöÇΓöÇΓöÇΓöÇΓöÇΓöÇΓöÇΓöÇΓöÇΓöÇΓ
öÇ Module not found.
 [38;5;240m  Γöé[0m 
 [38;5;240m  Γöé[0m 
[38;5;115mHelp[0m: 
'src/games/ZombieSurvival.jsx' is 
imported by the following path:
 [38;5;240m  Γöé[0m         - 
src/games/ZombieSurvival.jsx
 [38;5;240m  Γöé[0m         - 
src/pages/Games.jsx
 [38;5;240m  Γöé[0m         - 
src/App.jsx
 [38;5;240m  Γöé[0m         - 
src/main.jsx
 [38;5;240m  Γöé[0m         - 
index.html
[38;5;246mΓöÇΓöÇΓöÇΓò»[0m

...[31m
    at 
aggregateBindingErrorsIntoJsError (file:
///C:/Users/naaya/OneDrive/Desktop/typin
g%20master/node_modules/rolldown/dist/sh
ared/error-CP8smW_P.mjs:48:18)
    at unwrapBindingResult (file:///C:/U
sers/naaya/OneDrive/Desktop/typing%20mas
ter/node_modules/rolldown/dist/shared/er
ror-CP8smW_P.mjs:18:128)
    at #build (file:///C:/Users/naaya/On
eDrive/Desktop/typing%20master/node_modu
les/rolldown/dist/shared/rolldown-build-
4YnQkA76.mjs:3311:34)
    at async buildEnvironment (file:///C
:/Users/naaya/OneDrive/Desktop/typing%20
master/node_modules/vite/dist/node/chunk
s/node.js:32794:64)
    at async Object.build (file:///C:/Us
ers/naaya/OneDrive/Desktop/typing%20mast
er/node_modules/vite/dist/node/chunks/no
de.js:33216:19)
    at async Object.buildApp (file:///C:
/Users/naaya/OneDrive/Desktop/typing%20m
aster/node_modules/vite/dist/node/chunks
/node.js:33213:153)
    at async CAC.<anonymous> (file:///C:
/Users/naaya/OneDrive/Desktop/typing%20m
aster/node_modules/vite/dist/node/cli.js
:778:3) {
  errors: [Getter/Setter]
}[39m
